// Jest Snapshot v1, https://goo.gl/fbAQLP

exports[`renders Tabs Snapshot 1`] = `
.emotion-4 {
  width: 100%;
}

.emotion-2 {
  display: -webkit-box;
  display: -webkit-flex;
  display: -ms-flexbox;
  display: flex;
  -webkit-align-items: center;
  -webkit-box-align: center;
  -ms-flex-align: center;
  align-items: center;
  -webkit-box-pack: space-around;
  -webkit-justify-content: space-around;
  -ms-flex-pack: space-around;
  justify-content: space-around;
  height: 120px;
  background-color: #ebebeb;
}

.emotion-0 {
  display: -webkit-box;
  display: -webkit-flex;
  display: -ms-flexbox;
  display: flex;
  -webkit-align-items: center;
  -webkit-box-align: center;
  -ms-flex-align: center;
  align-items: center;
  -webkit-box-pack: center;
  -webkit-justify-content: center;
  -ms-flex-pack: center;
  justify-content: center;
  width: 50%;
  height: 100%;
  cursor: pointer;
  background-color: #ebebeb;
  border-bottom: 1px solid #e1e3e5;
  background-color: #FFF;
  border-top: 1px solid #e1e3e5;
  border-bottom: 1px solid transparent;
}

.emotion-0:first-of-type {
  border-top-right-radius: 5px;
  border-top-left-radius: 0;
  border-right: 1px solid #e1e3e5;
}

.emotion-0:hover {
  opacity: .9;
}

.emotion-1 {
  display: -webkit-box;
  display: -webkit-flex;
  display: -ms-flexbox;
  display: flex;
  -webkit-align-items: center;
  -webkit-box-align: center;
  -ms-flex-align: center;
  align-items: center;
  -webkit-box-pack: center;
  -webkit-justify-content: center;
  -ms-flex-pack: center;
  justify-content: center;
  width: 50%;
  height: 100%;
  cursor: pointer;
  background-color: #ebebeb;
  border-bottom: 1px solid #e1e3e5;
}

.emotion-1:hover {
  opacity: .9;
}

.emotion-5 {
  display: none;
  display: block;
  width: 100%;
}

.emotion-3 {
  display: -webkit-box;
  display: -webkit-flex;
  display: -ms-flexbox;
  display: flex;
  -webkit-align-items: center;
  -webkit-box-align: center;
  -ms-flex-align: center;
  align-items: center;
  width: 100%;
  padding: 10px 40px;
  border-bottom: 1px solid #e1e3e5;
}

.emotion-9 {
  display: none;
}

.emotion-8 {
  width: 100%;
  padding: 10px 40px;
}

.emotion-6 {
  width: 100%;
  padding: 10px 29px;
  border: 1px solid #868c97;
  border-radius: 5px;
}

<section
  className="emotion-4"
>
  <div
    className="emotion-2"
  >
    <p
      className="emotion-0"
      onClick={[Function]}
    >
      Participants 1
    </p>
    <p
      className="emotion-1"
      onClick={[Function]}
    >
      Chat
    </p>
  </div>
  <div>
    <div
      className="emotion-5"
    >
      <section
        className="emotion-4"
      >
        <div
          className="emotion-3"
        >
          <p>
            Jane Downey
          </p>
        </div>
      </section>
    </div>
    <div
      className="emotion-9"
    >
      <section
        className="emotion-8"
      >
        <div>
          <div>
            <div>
              <p>
                Jane Downey
              </p>
               
              <span>
                date
              </span>
            </div>
            <p>
              After losing his wife seven years earlier, the eccentric Dr. John Dolittle, famed doctor and veterinarian of Queen Victoria’s England, hermits himself away behind the high walls of Dolittle Manor with only his menagerie of exotic animals for company.
            </p>
          </div>
          <div>
            <div>
              <p>
                Jane Downey
              </p>
               
              <span>
                date
              </span>
            </div>
            <p>
              But when the young queen falls gravely ill, a reluctant Dolittle is forced to set sail on an epic adventure to a mythical island in search of a cure, regaining his wit and courage as he crosses old adversaries and discovers wondrous creatures.
            </p>
          </div>
        </div>
        <form
          className="emotion-4"
          onSubmit={[Function]}
        >
          <input
            className="emotion-6"
            id="message"
            onChange={[Function]}
            placeholder="Message"
            type="text"
            value=""
          />
        </form>
      </section>
    </div>
  </div>
</section>
`;
