// Jest Snapshot v1, https://goo.gl/fbAQLP

exports[`renders app Snapshot 1`] = `
.emotion-15 {
  display: -webkit-box;
  display: -webkit-flex;
  display: -ms-flexbox;
  display: flex;
  -webkit-box-pack: center;
  -webkit-justify-content: center;
  -ms-flex-pack: center;
  justify-content: center;
  -webkit-align-items: center;
  -webkit-box-align: center;
  -ms-flex-align: center;
  align-items: center;
  background-color: #FFF;
}

.emotion-14 {
  width: 100%;
  height: 100%;
  overflow: auto;
}

@media (min-width:768px) {
  .emotion-14 {
    width: 720px;
    height: 1800px;
  }
}

.emotion-0 {
  display: -webkit-box;
  display: -webkit-flex;
  display: -ms-flexbox;
  display: flex;
  -webkit-align-items: center;
  -webkit-box-align: center;
  -ms-flex-align: center;
  align-items: center;
  -webkit-box-pack: center;
  -webkit-justify-content: center;
  -ms-flex-pack: center;
  justify-content: center;
  height: 122px;
  background-color: #ebebeb;
}

.emotion-5 {
  width: 100%;
}

.emotion-3 {
  display: -webkit-box;
  display: -webkit-flex;
  display: -ms-flexbox;
  display: flex;
  -webkit-align-items: center;
  -webkit-box-align: center;
  -ms-flex-align: center;
  align-items: center;
  -webkit-box-pack: space-around;
  -webkit-justify-content: space-around;
  -ms-flex-pack: space-around;
  justify-content: space-around;
  height: 120px;
  background-color: #ebebeb;
}

.emotion-1 {
  display: -webkit-box;
  display: -webkit-flex;
  display: -ms-flexbox;
  display: flex;
  -webkit-align-items: center;
  -webkit-box-align: center;
  -ms-flex-align: center;
  align-items: center;
  -webkit-box-pack: center;
  -webkit-justify-content: center;
  -ms-flex-pack: center;
  justify-content: center;
  width: 50%;
  height: 100%;
  cursor: pointer;
  background-color: #ebebeb;
  border-bottom: 1px solid #e1e3e5;
  background-color: #FFF;
  border-top: 1px solid #e1e3e5;
  border-bottom: 1px solid transparent;
}

.emotion-1:first-of-type {
  border-top-right-radius: 5px;
  border-top-left-radius: 0;
  border-right: 1px solid #e1e3e5;
}

.emotion-1:hover {
  opacity: .9;
}

.emotion-2 {
  display: -webkit-box;
  display: -webkit-flex;
  display: -ms-flexbox;
  display: flex;
  -webkit-align-items: center;
  -webkit-box-align: center;
  -ms-flex-align: center;
  align-items: center;
  -webkit-box-pack: center;
  -webkit-justify-content: center;
  -ms-flex-pack: center;
  justify-content: center;
  width: 50%;
  height: 100%;
  cursor: pointer;
  background-color: #ebebeb;
  border-bottom: 1px solid #e1e3e5;
}

.emotion-2:hover {
  opacity: .9;
}

.emotion-8 {
  display: none;
  display: block;
  width: 100%;
}

.emotion-6 {
  display: -webkit-box;
  display: -webkit-flex;
  display: -ms-flexbox;
  display: flex;
  -webkit-align-items: center;
  -webkit-box-align: center;
  -ms-flex-align: center;
  align-items: center;
  width: 100%;
  padding: 10px 40px;
  border-bottom: 1px solid #e1e3e5;
}

.emotion-4 {
  width: 100%;
  padding: 10px 29px;
  border: 1px solid #868c97;
  border-radius: 5px;
}

.emotion-12 {
  display: none;
}

.emotion-11 {
  width: 100%;
  padding: 10px 40px;
}

<main
  className="emotion-15"
>
  <div
    className="emotion-14"
  >
    <header
      className="emotion-0"
    >
      Status meeting standup
    </header>
    <section
      className="emotion-5"
    >
      <div
        className="emotion-3"
      >
        <p
          className="emotion-1"
          onClick={[Function]}
        >
          Participants 0
        </p>
        <p
          className="emotion-2"
          onClick={[Function]}
        >
          Chat
        </p>
      </div>
      <div>
        <div
          className="emotion-8"
        >
          <section
            className="emotion-5"
          >
            <div
              className="emotion-6"
            >
              <form
                className="emotion-5"
                onSubmit={[Function]}
              >
                <input
                  className="emotion-4"
                  id="name"
                  onChange={[Function]}
                  placeholder="Type in your name"
                  type="text"
                  value=""
                />
              </form>
            </div>
          </section>
        </div>
        <div
          className="emotion-12"
        >
          <section
            className="emotion-11"
          >
            <div />
            <form
              className="emotion-5"
              onSubmit={[Function]}
            >
              <input
                className="emotion-4"
                id="message"
                onChange={[Function]}
                placeholder="Message"
                type="text"
                value=""
              />
            </form>
          </section>
        </div>
      </div>
    </section>
  </div>
</main>
`;
