// Jest Snapshot v1, https://goo.gl/fbAQLP

exports[`renders Participants Snapshot 1`] = `
.emotion-1 {
  width: 100%;
}

.emotion-0 {
  display: -webkit-box;
  display: -webkit-flex;
  display: -ms-flexbox;
  display: flex;
  -webkit-align-items: center;
  -webkit-box-align: center;
  -ms-flex-align: center;
  align-items: center;
  width: 100%;
  padding: 10px 40px;
  border-bottom: 1px solid #e1e3e5;
}

<section
  className="emotion-1"
>
  <div
    className="emotion-0"
  >
    <p>
      Jane Downey
    </p>
  </div>
</section>
`;
