// Jest Snapshot v1, https://goo.gl/fbAQLP

exports[`renders Participants Snapshot 1`] = `
.emotion-2 {
  width: 100%;
  padding: 0 30px;
}

.emotion-0 {
  display: -webkit-box;
  display: -webkit-flex;
  display: -ms-flexbox;
  display: flex;
  -webkit-align-items: center;
  -webkit-box-align: center;
  -ms-flex-align: center;
  align-items: center;
  width: 100%;
  height: 120px;
  padding-left: 12px;
  border-bottom: 1px solid #e1e3e5;
  text-transform: capitalize;
}

<section
  className="emotion-2"
>
  <div>
    <div
      className="emotion-0"
    >
      <p>
        Jane Downey
      </p>
    </div>
    <div
      className="emotion-0"
    >
      <p>
        michel sagan
      </p>
    </div>
  </div>
</section>
`;
