// Jest Snapshot v1, https://goo.gl/fbAQLP

exports[`renders Input Snapshot 1`] = `
.emotion-1 {
  width: 100%;
  padding: 15px 0;
}

.emotion-0 {
  width: 100%;
  padding: 27px 33px;
  -webkit-letter-spacing: 2px;
  -moz-letter-spacing: 2px;
  -ms-letter-spacing: 2px;
  letter-spacing: 2px;
  border: 2px solid #868c97;
  border-radius: 9px;
}

.emotion-0:placeholder {
  color: #979c9f;
}

<form
  className="emotion-1"
  onSubmit={[Function]}
>
  <input
    className="emotion-0"
    id={0}
    onChange={[Function]}
    placeholder="Type in..."
    type="text"
    value="text"
  />
</form>
`;
